DPRAM.v
IP/MIPI_PLL/MIPI_PLL.v
IP/SDRAM_PLL/SDRAM_PLL.v
IP/SDRAM_WR_FIFO/SDRAM_WR_FIFO.v
IP/SDRAM_RD_FIFO/SDRAM_RD_FIFO.v
IP/LINE_BUFFER/LINE_BUFFER.v
SDRAM_DATA_PATH.v
SDRAM_COMMAND.v
SDRAM_CONTROL_INTERFACE.v
SDRAM_CONTROL.v
LINE_BUFFER_ALL.v
RAW2RGB_BIN.v
RAW2RGB_ALL.v
VGA_CONTROLLER.v
I2C_DELAY.v
CLK_DIV.v
VCM_I2C.v
VCM_CTRL.v
MODIFY_SYNC.v
LCD_COUNTER.v
AUTO_SYNC_MODIFY.v
AUTO_FOCUS_ENABLE.v
AUTO_FOCUS_ADJUST.v
FPS_MONITOR.v
I2C_WRITE_WDATA.v
I2C_RESET_DELAY.v
I2C_READ_DATA.v
MIPI_CAMERA_CONFIG.v
MIPI_BRIDGE_CONFIG.v
MIPI_BRIDGE_CAMERA_CONFIG.v
RESET_DELAY_DRAM.v
IR_DECODER.v
IR_RX.v
IR_SEG_HEX.v
DE10_Standard_D8M_RTL.v
